{"ts": "2026-09-02T18:01:57+0300", "event": "snapshot", "hash": "14671880df5a389ec3e54531d99fc3041ad143ca3a4d0531baab84eed9f109c4"}
{"ts": "2026-09-02", "changes": []}
{"ts": "2026-09-03", "changes": ["цена: 22.0 -> 17.0"]}
{"ts": "2026-09-04", "changes": []}
{"ts": "2026-09-05", "changes": ["название: 🍏ПОДАРОЧНАЯ КАРТА APPLE ITUNES 10-5000 TL✦TR✦ТУРЦИЯ🔑 -> 🍏 [АВТО 24\\7] ПОДАРОЧНАЯ КАРТА APPLE ITUNES 10-5000 TL✦TR✦ТУРЦИЯ🔑"]}
{"ts": "2026-09-06", "changes": []}
{"ts": "2026-09-07", "changes": ["цена: 17.0 -> 25.0"]}
{"ts": "2026-09-08", "changes": ["цена: 25.0 -> 17.0"]}
{"ts": "2026-09-09", "changes": []}
{"ts": "2026-09-10", "changes": []}
{"ts": "2026-09-11", "changes": []}
{"ts": "2026-09-12", "changes": []}
{"ts": "2026-09-13", "changes": []}
{"ts": "2026-09-14", "changes": []}
{"ts": "2026-09-15", "changes": ["название: 🍏 [АВТО 24\\7] ПОДАРОЧНАЯ КАРТА APPLE ITUNES 10-5000 TL✦TR✦ТУРЦИЯ🔑 -> 🍏 [АВТО 24\\7] Подарочная карта Apple iTunes 10-5000 TRY (Турция)"]}
{"ts": "2026-09-16", "changes": []}
{"ts": "2026-09-17", "changes": []}
{"ts": "2026-09-18", "changes": []}
{"ts": "2026-09-19", "changes": []}
{"ts": "2026-09-20", "changes": []}
{"ts": "2026-09-21", "changes": []}
{"ts": "2026-09-22", "changes": []}
{"ts": "2026-09-23", "changes": []}
{"ts": "2026-09-24", "changes": []}
{"ts": "2026-09-25", "changes": []}
